Cloning into '/private/tmp/holevo-portable-verification-20261002/.verify-work/run-20261002T180347Z-TM5OfP/nanoda-source'...
HEAD is now at 3a24072 Merge pull request #34 from scottdhughes/fix/pretty-printer-binder-prefix
info: syncing channel updates for 1.90.0-aarch64-apple-darwin

  1.90.0-aarch64-apple-darwin unchanged - rustc 1.90.0 (1159e78c4 2025-09-14)

info: checking for self-update (current version: 1.29.1)
Verified source, package, Cargo.lock and Rust pins.
   Compiling proc-macro2 v1.0.103
   Compiling unicode-ident v1.0.12
   Compiling serde_core v1.0.228
   Compiling autocfg v1.1.0
   Compiling serde v1.0.228
   Compiling serde_json v1.0.145
   Compiling memchr v2.7.6
   Compiling equivalent v1.0.1
   Compiling hashbrown v0.16.1
   Compiling itoa v1.0.15
   Compiling ryu v1.0.20
   Compiling num-traits v0.2.19
   Compiling semver v1.0.27
   Compiling rustc-hash v1.1.0
   Compiling indexmap v2.13.0
   Compiling quote v1.0.35
   Compiling syn v2.0.111
   Compiling num-integer v0.1.47
   Compiling serde_derive v1.0.228
   Compiling num-bigint v0.5.1
   Compiling nanoda_lib v0.4.19 (/private/tmp/holevo-portable-verification-20261002/.verify-work/run-20261002T180347Z-TM5OfP/nanoda-source)
    Finished `release` profile [optimized] target(s) in 14.40s
