import took 1.98s
typeclass inference of CoeFun took 158ms
typeclass inference of CoeFun took 161ms
typeclass inference of CoeFun took 161ms
typeclass inference of CoeFun took 154ms
elaboration took 144ms
simp took 139ms
type checking took 21.4s
typeclass inference of CoeFun took 174ms
typeclass inference of CoeFun took 165ms
typeclass inference of ContinuousAdd took 101ms
tactic execution of Lean.Parser.Tactic.rewriteSeq took 136ms
tactic execution of Lean.Parser.Tactic.Conv.rewrite took 131ms
typeclass inference of AddCommMonoid took 116ms
typeclass inference of Nonempty took 127ms
typeclass inference of HSMul took 162ms
typeclass inference of LinearMap.CompatibleSMul took 164ms
simp took 108ms
simp took 124ms
Nonadditivity/UniversalFactorizationGram.lean:78:10: error: (deterministic) timeout at `whnf`, maximum number of heartbeats (1000000) has been reached

Note: Use `set_option maxHeartbeats <num>` to set the limit.

Hint: Additional diagnostic information may be available using the `set_option diagnostics true` command.
Nonadditivity/UniversalFactorizationGram.lean:81:2: error: (deterministic) timeout at `«tactic execution»`, maximum number of heartbeats (1000000) has been reached

Note: Use `set_option maxHeartbeats <num>` to set the limit.

Hint: Additional diagnostic information may be available using the `set_option diagnostics true` command.
typeclass inference of CoeFun took 274ms
typeclass inference of CoeFun took 259ms
tactic execution of Lean.Parser.Tactic.refine took 133ms
tactic execution of Lean.Parser.Tactic.exact took 86.3s
typeclass inference of NonUnitalContinuousFunctionalCalculus took 399ms
tactic execution of Lean.Parser.Tactic.rewriteSeq took 115ms
typeclass inference of NonUnitalContinuousFunctionalCalculus took 354ms
tactic execution of Lean.Parser.Tactic.rewriteSeq took 219ms
tactic execution of Lean.Parser.Tactic.rewriteSeq took 115ms
typeclass inference of AddCommMonoid took 113ms
typeclass inference of Add took 112ms
typeclass inference of NonUnitalContinuousFunctionalCalculus took 587ms
typeclass inference of AddCommMonoid took 119ms
typeclass inference of NonUnitalContinuousFunctionalCalculus took 597ms
typeclass inference of NormedAddCommGroup took 163ms
typeclass inference of DistribSMul took 225ms
typeclass inference took 133ms
typeclass inference took 132ms
typeclass inference of HAdd took 132ms
typeclass inference of HAdd took 134ms
tactic execution of Lean.Parser.Tactic.rewriteSeq took 173ms
tactic execution of Lean.Parser.Tactic.rewriteSeq took 751ms
typeclass inference of AddCommMonoid took 114ms
typeclass inference of HAdd took 126ms
typeclass inference of HSMul took 162ms
tactic execution of Lean.Parser.Tactic.change took 136ms
typeclass inference of Neg took 102ms
typeclass inference of Module took 149ms
typeclass inference of Module took 147ms
typeclass inference of Module took 145ms
typeclass inference of Module took 146ms
typeclass inference of Module took 153ms
typeclass inference of SeminormedAddCommGroup took 330ms
typeclass inference of AddCommGroup took 494ms
typeclass inference of Semiring took 328ms
typeclass inference of Module took 2.15s
type checking took 142ms
typeclass inference of AddCommMonoid took 115ms
typeclass inference of AddCommMonoid took 113ms
typeclass inference of Add took 108ms
typeclass inference of AddCommMonoid took 114ms
tactic execution of Lean.Parser.Tactic.rewriteSeq took 155ms
typeclass inference of Algebra took 288ms
tactic execution of Lean.Parser.Tactic.rewriteSeq took 468ms
typeclass inference of NormedAddCommGroup took 144ms
tactic execution of Lean.Parser.Tactic.rewriteSeq took 293ms
tactic execution of Lean.Parser.Tactic.rewriteSeq took 772ms
type checking took 112ms
typeclass inference of NonUnitalContinuousFunctionalCalculus took 599ms
tactic execution of Lean.Parser.Tactic.rewriteSeq took 132ms
tactic execution of Lean.Parser.Tactic.rewriteSeq took 275ms
typeclass inference of CoeFun took 281ms
typeclass inference of CoeFun took 269ms
typeclass inference of Algebra took 290ms
tactic execution of Lean.Parser.Tactic.rewriteSeq took 788ms
tactic execution of Lean.Parser.Tactic.rewriteSeq took 906ms
type checking took 176ms
typeclass inference of AddCommMonoid took 114ms
typeclass inference of AddCommMonoid took 101ms
tactic execution of Lean.Parser.Tactic.rewriteSeq took 165ms
tactic execution of Lean.Parser.Tactic.rewriteSeq took 138ms
typeclass inference of Algebra took 285ms
tactic execution of Lean.Parser.Tactic.rewriteSeq took 412ms
cumulative profiling times:
	attribute application 6.45ms
	congr simp thm 29.9ms
	elaboration 1.24s
	fix level params 15.5ms
	import 1.98s
	initialization 32.1ms
	instantiate metavars 15ms
	interpretation 539ms
	let-to-have transformation 2.91ms
	linting 43.2ms
	norm_num 2.39ms
	parsing 24.3ms
	process pre-definitions 52.9ms
	ring 6.44ms
	share common exprs 54.2ms
	simp 676ms
	tactic execution 93.8s
	type checking 22.8s
	typeclass inference 27.6s
