import took 2.14s
typeclass inference of SeminormedAddGroup took 144ms
typeclass inference of SeminormedAddGroup took 144ms
typeclass inference of TopologicalSpace took 110ms
typeclass inference of AddCommMonoid took 108ms
simp took 125ms
typeclass inference of SeminormedAddGroup took 142ms
typeclass inference of SeminormedAddGroup took 142ms
typeclass inference of SeminormedAddCommGroup took 100ms
typeclass inference of SeminormedAddCommGroup took 102ms
typeclass inference of SeminormedAddCommGroup took 101ms
tactic execution of Lean.Parser.Tactic.refine took 109ms
typeclass inference of SeminormedAddCommGroup took 105ms
typeclass inference of Nontrivial took 585ms
simp took 1.64s
typeclass inference of SeminormedAddCommGroup took 102ms
typeclass inference of Nontrivial took 885ms
simp took 4.09s
typeclass inference of SeminormedAddCommGroup took 102ms
typeclass inference of SeminormedAddCommGroup took 100ms
typeclass inference of AddMonoid took 611ms
typeclass inference of DistribSMul took 121ms
type checking took 100ms
typeclass inference of SeminormedAddCommGroup took 103ms
typeclass inference of SeminormedAddCommGroup took 101ms
tactic execution of Lean.Parser.Tactic.refine took 176ms
tactic execution of Lean.Parser.Tactic.refine took 179ms
typeclass inference of SeminormedAddGroup took 158ms
typeclass inference of SeminormedAddGroup took 149ms
typeclass inference of TopologicalSpace took 110ms
typeclass inference of AddCommMonoid took 106ms
simp took 159ms
typeclass inference of UniformSpace took 107ms
typeclass inference of PseudoMetricSpace took 107ms
typeclass inference of Algebra took 211ms
typeclass inference of Algebra took 163ms
tactic execution of Lean.Parser.Tactic.rewriteSeq took 135ms
typeclass inference of SeminormedAddCommGroup took 105ms
typeclass inference of UniformSpace took 112ms
typeclass inference of PseudoMetricSpace took 112ms
typeclass inference of Algebra took 192ms
typeclass inference of Algebra took 165ms
typeclass inference of SeminormedAddCommGroup took 107ms
typeclass inference of UniformSpace took 111ms
typeclass inference of PseudoMetricSpace took 112ms
typeclass inference of Algebra took 166ms
typeclass inference of Algebra took 317ms
typeclass inference of Module took 134ms
typeclass inference of IsScalarTower took 226ms
typeclass inference of Algebra took 292ms
tactic execution of Lean.Parser.Tactic.exact took 131ms
type checking took 136ms
typeclass inference of SeminormedAddCommGroup took 101ms
typeclass inference of SeminormedAddCommGroup took 120ms
typeclass inference of SeminormedAddCommGroup took 103ms
typeclass inference of TopologicalSpace took 118ms
typeclass inference of AddCommMonoid took 115ms
typeclass inference of TopologicalSpace took 112ms
typeclass inference of AddCommMonoid took 112ms
typeclass inference of CoeFun took 278ms
typeclass inference of CoeFun took 268ms
typeclass inference of SeminormedAddCommGroup took 106ms
tactic execution of Lean.Parser.Tactic.rewriteSeq took 268ms
typeclass inference of SeminormedAddCommGroup took 105ms
typeclass inference of SeminormedAddCommGroup took 102ms
typeclass inference of AddMonoidHomClass took 513ms
elaboration took 110ms
typeclass inference of CoeFun took 271ms
typeclass inference of CoeFun took 200ms
tactic execution of Lean.Parser.Tactic.rewriteSeq took 240ms
typeclass inference of UniformSpace took 109ms
typeclass inference of PseudoMetricSpace took 107ms
typeclass inference of Algebra took 289ms
typeclass inference of TopologicalSpace took 118ms
typeclass inference of AddCommMonoid took 116ms
typeclass inference of Neg took 305ms
typeclass inference of Neg took 199ms
typeclass inference of SeminormedAddCommGroup took 112ms
typeclass inference of SeminormedAddCommGroup took 112ms
typeclass inference of Neg took 272ms
typeclass inference of Algebra took 233ms
type checking took 141ms
typeclass inference of Neg took 207ms
typeclass inference of Algebra took 237ms
typeclass inference of AddCommMonoid took 104ms
typeclass inference of PseudoMetricSpace took 113ms
tactic execution of Lean.Parser.Tactic.rcases took 8.08s
tactic execution of Lean.Parser.Tactic.exact took 207ms
typeclass inference of Algebra took 260ms
typeclass inference of Algebra took 235ms
tactic execution of Lean.Parser.Tactic.rewriteSeq took 2s
tactic execution of Lean.Parser.Tactic.exact took 202ms
tactic execution of Lean.Parser.Tactic.rewriteSeq took 2.02s
type checking took 309ms
typeclass inference of Algebra took 104ms
typeclass inference of Algebra took 129ms
typeclass inference of Algebra took 129ms
typeclass inference of Algebra took 105ms
typeclass inference of Algebra took 110ms
typeclass inference of Neg took 340ms
typeclass inference of TopologicalSpace took 117ms
typeclass inference of AddCommMonoid took 118ms
typeclass inference of SeminormedAddCommGroup took 108ms
typeclass inference of Algebra took 308ms
tactic execution of Lean.Parser.Tactic.exact took 355ms
type checking took 153ms
typeclass inference of Neg took 324ms
tactic execution of Lean.Parser.Tactic.obtain took 3.62s
tactic execution of Lean.Parser.Tactic.obtain took 3.61s
tactic execution of Lean.Parser.Tactic.rewriteSeq took 2.17s
cumulative profiling times:
	attribute application 18.3ms
	compilation (IR) 0.526ms
	compilation (LCNF base) 11ms
	compilation (LCNF impure) 1.27ms
	compilation (LCNF mono) 4.66ms
	congr simp thm 23.4ms
	elaboration 1.01s
	fix level params 13.1ms
	import 2.14s
	initialization 32.3ms
	instantiate metavars 30.3ms
	interpretation 818ms
	let-to-have transformation 4.56ms
	linting 66ms
	norm_num 3.56ms
	parsing 45.4ms
	process pre-definitions 81.4ms
	share common exprs 51.8ms
	simp 6.57s
	tactic execution 25.3s
	type checking 2.73s
	typeclass inference 30.2s
