import took 2s
typeclass inference of AddCommMonoid took 106ms
typeclass inference of ZeroHomClass took 156ms
typeclass inference of TopologicalSpace took 108ms
typeclass inference of AddCommMonoid took 108ms
typeclass inference of TopologicalSpace took 112ms
typeclass inference of AddCommMonoid took 109ms
simp took 686ms
typeclass inference of HSMul took 344ms
typeclass inference of TopologicalSpace took 109ms
typeclass inference of AddCommMonoid took 104ms
typeclass inference of TopologicalSpace took 105ms
typeclass inference of AddCommMonoid took 109ms
simp took 399ms
typeclass inference of TopologicalSpace took 109ms
typeclass inference of AddCommMonoid took 107ms
typeclass inference of TopologicalSpace took 144ms
typeclass inference of AddCommMonoid took 147ms
typeclass inference of TopologicalSpace took 145ms
typeclass inference of AddCommMonoid took 152ms
typeclass inference of TopologicalSpace took 114ms
typeclass inference of AddCommMonoid took 109ms
typeclass inference of TopologicalSpace took 103ms
typeclass inference of CoeFun took 172ms
typeclass inference of CoeFun took 180ms
tactic execution of Lean.Parser.Tactic.rewriteSeq took 147ms
type checking took 325ms
typeclass inference of TopologicalSpace took 109ms
typeclass inference of AddCommMonoid took 108ms
typeclass inference of AddCommMonoid took 109ms
typeclass inference of CoeFun took 224ms
typeclass inference of CoeFun took 169ms
typeclass inference of CoeFun took 177ms
typeclass inference of CoeFun took 167ms
tactic execution of Lean.Parser.Tactic.change took 180ms
type checking took 119ms
typeclass inference of HSMul took 142ms
type checking took 122ms
typeclass inference of TopologicalSpace took 109ms
typeclass inference of AddCommMonoid took 110ms
typeclass inference of TopologicalSpace took 108ms
typeclass inference of AddCommMonoid took 110ms
typeclass inference of TopologicalSpace took 110ms
simp took 282ms
typeclass inference of TopologicalSpace took 109ms
typeclass inference of AddCommMonoid took 109ms
typeclass inference of TopologicalSpace took 111ms
typeclass inference of TopologicalSpace took 147ms
typeclass inference of AddCommMonoid took 108ms
typeclass inference of TopologicalSpace took 104ms
tactic execution of Lean.Parser.Tactic.rewriteSeq took 288ms
type checking took 10.9s
typeclass inference of CoeFun took 209ms
typeclass inference of CoeFun took 165ms
type checking took 116ms
type checking took 174ms
elaboration took 465ms
typeclass inference of CoeFun took 172ms
typeclass inference of CoeFun took 170ms
typeclass inference of TopologicalSpace took 115ms
typeclass inference of AddCommMonoid took 120ms
typeclass inference of AddCommMonoid took 104ms
typeclass inference of AddCommMonoid took 101ms
elaboration took 564ms
elaboration took 252ms
typeclass inference of TopologicalSpace took 110ms
typeclass inference of AddCommMonoid took 109ms
typeclass inference of TopologicalSpace took 118ms
typeclass inference of AddCommMonoid took 120ms
typeclass inference of SeminormedAddCommGroup took 110ms
typeclass inference of ContinuousAdd took 579ms
typeclass inference of SeminormedAddCommGroup took 102ms
tactic execution of Lean.Parser.Tactic.rewriteSeq took 822ms
tactic execution of Lean.Parser.Tactic.Conv.rewrite took 666ms
typeclass inference of SeminormedAddCommGroup took 102ms
typeclass inference of Nonempty took 130ms
type checking took 134ms
typeclass inference of SeminormedAddCommGroup took 106ms
simp took 687ms
type checking took 133ms
typeclass inference of AddCommMonoid took 116ms
typeclass inference of UniformSpace took 107ms
typeclass inference of PseudoMetricSpace took 106ms
typeclass inference of HSMul took 194ms
typeclass inference of AddCommMonoid took 115ms
typeclass inference of SMulCommClass took 107ms
typeclass inference of UniformSpace took 106ms
typeclass inference of PseudoMetricSpace took 107ms
typeclass inference of LinearMap.CompatibleSMul took 367ms
simp took 617ms
type checking took 245ms
typeclass inference of SeminormedAddCommGroup took 103ms
typeclass inference of SeminormedAddCommGroup took 102ms
simp took 730ms
type checking took 131ms
typeclass inference of TopologicalSpace took 164ms
typeclass inference of AddCommMonoid took 171ms
typeclass inference of TopologicalSpace took 182ms
typeclass inference of AddCommMonoid took 195ms
typeclass inference of TopologicalSpace took 175ms
typeclass inference of AddCommMonoid took 172ms
typeclass inference of CoeFun took 286ms
typeclass inference of CoeFun took 289ms
typeclass inference of TopologicalSpace took 148ms
typeclass inference of AddCommMonoid took 163ms
typeclass inference of TopologicalSpace took 198ms
typeclass inference of AddCommMonoid took 208ms
typeclass inference of TopologicalSpace took 175ms
typeclass inference of AddCommMonoid took 183ms
typeclass inference of Module took 101ms
typeclass inference of TopologicalSpace took 109ms
typeclass inference of AddCommMonoid took 109ms
typeclass inference of TopologicalSpace took 133ms
typeclass inference of AddCommMonoid took 143ms
tactic execution of Lean.Parser.Tactic.refine took 306ms
simp took 3.58s
typeclass inference of TopologicalSpace took 110ms
typeclass inference of AddCommMonoid took 109ms
tactic execution of Lean.Parser.Tactic.rewriteSeq took 987ms
type checking took 1.75s
typeclass inference of NonUnitalContinuousFunctionalCalculus took 599ms
tactic execution of Lean.Parser.Tactic.rewriteSeq took 109ms
type checking took 108ms
typeclass inference of NonUnitalContinuousFunctionalCalculus took 553ms
typeclass inference of SeminormedAddCommGroup took 131ms
tactic execution of Lean.Parser.Tactic.rewriteSeq took 257ms
tactic execution of Lean.Parser.Tactic.rewriteSeq took 159ms
typeclass inference of SeminormedAddCommGroup took 101ms
typeclass inference of NonUnitalContinuousFunctionalCalculus took 559ms
typeclass inference of SeminormedAddCommGroup took 104ms
typeclass inference of AddMonoid took 590ms
typeclass inference of AddCommMonoid took 113ms
typeclass inference of UniformSpace took 110ms
typeclass inference of PseudoMetricSpace took 108ms
typeclass inference of DistribSMul took 363ms
typeclass inference of SeminormedAddCommGroup took 100ms
typeclass inference of NormedAddCommGroup took 198ms
typeclass inference of AddCommMonoid took 110ms
typeclass inference of UniformSpace took 110ms
typeclass inference of PseudoMetricSpace took 112ms
typeclass inference of DistribSMul took 245ms
tactic execution of Lean.Parser.Tactic.rewriteSeq took 1.18s
typeclass inference of SeminormedAddCommGroup took 102ms
typeclass inference of AddCommMonoid took 114ms
typeclass inference of UniformSpace took 106ms
typeclass inference of PseudoMetricSpace took 109ms
typeclass inference of HSMul took 196ms
tactic execution of Lean.Parser.Tactic.change took 272ms
typeclass inference of SeminormedAddCommGroup took 105ms
typeclass inference of Module took 139ms
typeclass inference of UniformSpace took 105ms
typeclass inference of PseudoMetricSpace took 105ms
typeclass inference of Module took 248ms
type checking took 294ms
typeclass inference of SeminormedAddCommGroup took 100ms
typeclass inference of SeminormedAddCommGroup took 104ms
typeclass inference of TopologicalSpace took 108ms
typeclass inference of AddCommMonoid took 109ms
typeclass inference of SeminormedAddCommGroup took 103ms
typeclass inference of UniformSpace took 117ms
typeclass inference of PseudoMetricSpace took 117ms
typeclass inference of Algebra took 301ms
type checking took 117ms
typeclass inference of TopologicalSpace took 113ms
typeclass inference of AddCommMonoid took 113ms
typeclass inference of SeminormedAddCommGroup took 101ms
typeclass inference of PseudoMetricSpace took 108ms
typeclass inference of Algebra took 317ms
tactic execution of Lean.Parser.Tactic.rewriteSeq took 562ms
typeclass inference of NormedAddCommGroup took 200ms
tactic execution of Lean.Parser.Tactic.rewriteSeq took 404ms
tactic execution of Lean.Parser.Tactic.rewriteSeq took 975ms
typeclass inference of SeminormedAddCommGroup took 103ms
type checking took 179ms
typeclass inference of TopologicalSpace took 102ms
typeclass inference of AddCommMonoid took 106ms
typeclass inference of TopologicalSpace took 105ms
typeclass inference of AddCommMonoid took 110ms
typeclass inference of AddCommMonoid took 107ms
elaboration took 679ms
typeclass inference of NonUnitalContinuousFunctionalCalculus took 558ms
typeclass inference of TopologicalSpace took 111ms
typeclass inference of AddCommMonoid took 112ms
typeclass inference of TopologicalSpace took 114ms
typeclass inference of AddCommMonoid took 112ms
elaboration took 893ms
typeclass inference of TopologicalSpace took 112ms
typeclass inference of AddCommMonoid took 106ms
typeclass inference of TopologicalSpace took 107ms
typeclass inference of AddCommMonoid took 103ms
typeclass inference of SeminormedAddCommGroup took 101ms
tactic execution of Lean.Parser.Tactic.rewriteSeq took 1.04s
typeclass inference of SeminormedAddCommGroup took 105ms
tactic execution of Lean.Parser.Tactic.apply took 497ms
tactic execution of Lean.Parser.Tactic.rewriteSeq took 795ms
type checking took 240ms
typeclass inference of CoeFun took 271ms
typeclass inference of CoeFun took 281ms
typeclass inference of TopologicalSpace took 110ms
typeclass inference of AddCommMonoid took 110ms
typeclass inference of TopologicalSpace took 109ms
typeclass inference of AddCommMonoid took 109ms
typeclass inference of SeminormedAddCommGroup took 101ms
typeclass inference of UniformSpace took 103ms
typeclass inference of Algebra took 247ms
tactic execution of Lean.Parser.Tactic.rewriteSeq took 5.31s
typeclass inference of TopologicalSpace took 119ms
typeclass inference of AddCommMonoid took 112ms
typeclass inference of TopologicalSpace took 111ms
typeclass inference of AddCommMonoid took 114ms
typeclass inference of TopologicalSpace took 115ms
typeclass inference of AddCommMonoid took 119ms
typeclass inference of TopologicalSpace took 174ms
typeclass inference of AddCommMonoid took 190ms
typeclass inference of TopologicalSpace took 182ms
typeclass inference of AddCommMonoid took 187ms
tactic execution of Lean.Parser.Tactic.rewriteSeq took 3.22s
tactic execution of Lean.Parser.Tactic.exact took 4.61s
type checking took 198ms
typeclass inference of CoeFun took 279ms
typeclass inference of CoeFun took 263ms
typeclass inference of CoeFun took 272ms
typeclass inference of CoeFun took 261ms
typeclass inference of CoeFun took 276ms
typeclass inference of CoeFun took 269ms
tactic execution of Lean.Parser.Tactic.rewriteSeq took 150ms
typeclass inference of CoeFun took 278ms
typeclass inference of CoeFun took 269ms
typeclass inference of Nontrivial took 393ms
typeclass inference of CoeFun took 281ms
typeclass inference of CoeFun took 270ms
typeclass inference of Nontrivial took 357ms
typeclass inference of CoeFun took 280ms
typeclass inference of CoeFun took 275ms
typeclass inference of Nontrivial took 360ms
typeclass inference of CoeFun took 284ms
typeclass inference of CoeFun took 264ms
typeclass inference of Nontrivial took 341ms
interpretation of Mathlib.Tactic._aux_Mathlib_Tactic_Linarith_Frontend___elabRules_Mathlib_Tactic_nlinarith_1._boxed took 861ms
typeclass inference of TopologicalSpace took 121ms
typeclass inference of AddCommMonoid took 112ms
typeclass inference of Module took 101ms
typeclass inference of SeminormedAddCommGroup took 104ms
elaboration took 1.32s
elaboration took 658ms
tactic execution of Lean.Parser.Tactic.rewriteSeq took 381ms
typeclass inference of SeminormedAddCommGroup took 119ms
tactic execution of Lean.Parser.Tactic.rewriteSeq took 718ms
typeclass inference of SeminormedAddCommGroup took 105ms
tactic execution of Lean.Parser.Tactic.apply took 722ms
simp took 383ms
typeclass inference of TopologicalSpace took 113ms
typeclass inference of AddCommMonoid took 110ms
typeclass inference of TopologicalSpace took 110ms
typeclass inference of AddCommMonoid took 107ms
typeclass inference of TopologicalSpace took 107ms
typeclass inference of AddCommMonoid took 109ms
typeclass inference of Module took 104ms
elaboration took 576ms
typeclass inference of TopologicalSpace took 121ms
typeclass inference of AddCommMonoid took 121ms
typeclass inference of TopologicalSpace took 113ms
typeclass inference of AddCommMonoid took 110ms
typeclass inference of TopologicalSpace took 114ms
typeclass inference of AddCommMonoid took 109ms
typeclass inference of Module took 112ms
typeclass inference of SeminormedAddCommGroup took 123ms
tactic execution of Lean.Parser.Tactic.rewriteSeq took 863ms
tactic execution of Lean.Parser.Tactic.apply took 664ms
tactic execution of Lean.Parser.Tactic.rewriteSeq took 2.55s
tactic execution of Lean.Parser.Tactic.rewriteSeq took 111ms
tactic execution of Lean.Parser.Tactic.apply took 412ms
tactic execution of Lean.Parser.Tactic.rewriteSeq took 3.14s
type checking took 190ms
typeclass inference of SeminormedAddCommGroup took 101ms
typeclass inference of TopologicalSpace took 110ms
typeclass inference of AddCommMonoid took 110ms
typeclass inference of UniformSpace took 111ms
typeclass inference of PseudoMetricSpace took 105ms
typeclass inference of Algebra took 283ms
tactic execution of Lean.Parser.Tactic.rewriteSeq took 576ms
type checking took 138ms
typeclass inference of SeminormedAddCommGroup took 106ms
typeclass inference of SeminormedAddCommGroup took 101ms
type checking took 105ms
typeclass inference of SeminormedAddCommGroup took 104ms
typeclass inference of SeminormedAddCommGroup took 102ms
typeclass inference of SeminormedAddCommGroup took 101ms
tactic execution of Lean.Parser.Tactic.refine took 1.43s
typeclass inference of SeminormedAddCommGroup took 103ms
typeclass inference of SeminormedAddCommGroup took 101ms
typeclass inference of SeminormedAddCommGroup took 101ms
typeclass inference of SeminormedAddCommGroup took 102ms
typeclass inference of SeminormedAddCommGroup took 103ms
typeclass inference of SeminormedAddCommGroup took 101ms
typeclass inference of SeminormedAddCommGroup took 103ms
tactic execution of Lean.Parser.Tactic.refine took 1.11s
tactic execution of Lean.Parser.Tactic.exact took 945ms
cumulative profiling times:
	attribute application 32.7ms
	compilation (IR) 0.095ms
	compilation (LCNF base) 2.03ms
	compilation (LCNF impure) 0.221ms
	compilation (LCNF mono) 0.723ms
	congr simp thm 52ms
	elaboration 7.14s
	fix level params 28.7ms
	import 2s
	initialization 34.5ms
	instantiate metavars 32.2ms
	interpretation 1.74s
	let-to-have transformation 6.47ms
	linting 94.7ms
	norm_num 10.7ms
	parsing 52.3ms
	process pre-definitions 142ms
	ring 40.3ms
	share common exprs 120ms
	simp 8.37s
	tactic execution 38.8s
	type checking 17.8s
	typeclass inference 69.7s
