import took 1.98s
typeclass inference of CoeFun took 167ms
typeclass inference of CoeFun took 172ms
typeclass inference of Nonempty took 108ms
type checking took 105ms
type checking took 126ms
typeclass inference of HSMul took 111ms
typeclass inference of LinearMap.CompatibleSMul took 167ms
simp took 111ms
simp took 126ms
typeclass inference of CoeFun took 202ms
typeclass inference of CoeFun took 214ms
tactic execution of Lean.Parser.Tactic.refine took 102ms
simp took 149ms
tactic execution of Lean.Parser.Tactic.rewriteSeq took 481ms
type checking took 17.8s
typeclass inference of NonUnitalContinuousFunctionalCalculus took 457ms
tactic execution of Lean.Parser.Tactic.rewriteSeq took 114ms
typeclass inference of NonUnitalContinuousFunctionalCalculus took 352ms
tactic execution of Lean.Parser.Tactic.rewriteSeq took 203ms
tactic execution of Lean.Parser.Tactic.rewriteSeq took 111ms
typeclass inference of NonUnitalContinuousFunctionalCalculus took 567ms
typeclass inference of AddCommMonoid took 115ms
typeclass inference of NonUnitalContinuousFunctionalCalculus took 573ms
typeclass inference of NormedAddCommGroup took 163ms
typeclass inference of DistribSMul took 211ms
typeclass inference took 131ms
typeclass inference took 135ms
typeclass inference of HAdd took 129ms
typeclass inference of HAdd took 133ms
tactic execution of Lean.Parser.Tactic.rewriteSeq took 174ms
tactic execution of Lean.Parser.Tactic.rewriteSeq took 737ms
typeclass inference of AddCommMonoid took 115ms
typeclass inference of HAdd took 129ms
typeclass inference of HSMul took 164ms
tactic execution of Lean.Parser.Tactic.change took 139ms
typeclass inference of Neg took 101ms
typeclass inference of Module took 147ms
typeclass inference of Module took 145ms
typeclass inference of Module took 109ms
typeclass inference of SeminormedAddCommGroup took 181ms
typeclass inference of AddCommGroup took 292ms
typeclass inference of Semiring took 210ms
typeclass inference of Module took 1.46s
type checking took 146ms
typeclass inference of AddCommMonoid took 112ms
typeclass inference of AddCommMonoid took 111ms
typeclass inference of Add took 105ms
typeclass inference of AddCommMonoid took 111ms
tactic execution of Lean.Parser.Tactic.rewriteSeq took 156ms
typeclass inference of Algebra took 290ms
tactic execution of Lean.Parser.Tactic.rewriteSeq took 461ms
typeclass inference of NormedAddCommGroup took 145ms
tactic execution of Lean.Parser.Tactic.rewriteSeq took 307ms
tactic execution of Lean.Parser.Tactic.rewriteSeq took 741ms
typeclass inference of AddCommGroup took 102ms
type checking took 112ms
typeclass inference of NonUnitalContinuousFunctionalCalculus took 604ms
tactic execution of Lean.Parser.Tactic.rewriteSeq took 111ms
tactic execution of Lean.Parser.Tactic.rewriteSeq took 263ms
typeclass inference of CoeFun took 278ms
typeclass inference of CoeFun took 266ms
typeclass inference of Algebra took 287ms
tactic execution of Lean.Parser.Tactic.rewriteSeq took 773ms
tactic execution of Lean.Parser.Tactic.rewriteSeq took 898ms
type checking took 176ms
typeclass inference of AddCommMonoid took 117ms
tactic execution of Lean.Parser.Tactic.rewriteSeq took 166ms
tactic execution of Lean.Parser.Tactic.rewriteSeq took 135ms
type checking took 109ms
typeclass inference of Algebra took 284ms
tactic execution of Lean.Parser.Tactic.rewriteSeq took 483ms
cumulative profiling times:
	attribute application 5.34ms
	congr simp thm 27.4ms
	elaboration 1.02s
	fix level params 14.4ms
	import 1.98s
	initialization 31.2ms
	instantiate metavars 15.1ms
	interpretation 550ms
	let-to-have transformation 2.53ms
	linting 48.2ms
	norm_num 2.31ms
	parsing 22.9ms
	process pre-definitions 50.6ms
	ring 4.37ms
	share common exprs 50.5ms
	simp 685ms
	tactic execution 7.78s
	type checking 19.3s
	typeclass inference 23.8s
