import took 1.96s
typeclass inference of CoeFun took 158ms
typeclass inference of CoeFun took 159ms
typeclass inference of CoeFun took 159ms
typeclass inference of CoeFun took 154ms
elaboration took 144ms
simp took 146ms
type checking took 20.8s
typeclass inference of CoeFun took 170ms
typeclass inference of CoeFun took 165ms
tactic execution of Lean.Parser.Tactic.rewriteSeq took 119ms
tactic execution of Lean.Parser.Tactic.Conv.rewrite took 124ms
typeclass inference of AddCommMonoid took 120ms
typeclass inference of Nonempty took 128ms
typeclass inference of HSMul took 129ms
typeclass inference of LinearMap.CompatibleSMul took 167ms
simp took 114ms
simp took 116ms
Nonadditivity/UniversalFactorizationGram.lean:78:10: error: (deterministic) timeout at `whnf`, maximum number of heartbeats (1000000) has been reached

Note: Use `set_option maxHeartbeats <num>` to set the limit.

Hint: Additional diagnostic information may be available using the `set_option diagnostics true` command.
Nonadditivity/UniversalFactorizationGram.lean:81:2: error: (deterministic) timeout at `«tactic execution»`, maximum number of heartbeats (1000000) has been reached

Note: Use `set_option maxHeartbeats <num>` to set the limit.

Hint: Additional diagnostic information may be available using the `set_option diagnostics true` command.
typeclass inference of CoeFun took 282ms
typeclass inference of CoeFun took 273ms
tactic execution of Lean.Parser.Tactic.refine took 135ms
tactic execution of Lean.Parser.Tactic.exact took 85.6s
typeclass inference of NonUnitalContinuousFunctionalCalculus took 570ms
typeclass inference of Add took 118ms
typeclass inference of HAdd took 128ms
tactic execution of Lean.Parser.Tactic.rewriteSeq took 107ms
typeclass inference of NonUnitalContinuousFunctionalCalculus took 571ms
typeclass inference of Add took 115ms
typeclass inference of HAdd took 121ms
elaboration took 106ms
tactic execution of Lean.Parser.Tactic.rewriteSeq took 206ms
tactic execution of Lean.Parser.Tactic.rewriteSeq took 108ms
typeclass inference of AddCommMonoid took 110ms
typeclass inference of Add took 106ms
typeclass inference of NonUnitalContinuousFunctionalCalculus took 540ms
typeclass inference of AddCommMonoid took 111ms
tactic execution of Lean.Parser.Tactic.rewriteSeq took 103ms
typeclass inference of NonUnitalContinuousFunctionalCalculus took 548ms
typeclass inference of AddCommMonoid took 103ms
typeclass inference of NormedAddCommGroup took 160ms
typeclass inference of DistribSMul took 203ms
typeclass inference took 123ms
typeclass inference took 127ms
typeclass inference of HAdd took 134ms
typeclass inference of HAdd took 119ms
tactic execution of Lean.Parser.Tactic.rewriteSeq took 164ms
tactic execution of Lean.Parser.Tactic.rewriteSeq took 691ms
typeclass inference of AddCommMonoid took 118ms
typeclass inference of HAdd took 122ms
typeclass inference of HSMul took 159ms
tactic execution of Lean.Parser.Tactic.change took 137ms
typeclass inference of Module took 161ms
typeclass inference of Module took 140ms
typeclass inference of Module took 138ms
typeclass inference of Module took 143ms
typeclass inference of Module took 138ms
typeclass inference of SeminormedAddCommGroup took 302ms
typeclass inference of AddCommGroup took 464ms
typeclass inference of Semiring took 328ms
typeclass inference of Module took 2.07s
type checking took 147ms
typeclass inference of AddCommMonoid took 114ms
typeclass inference of AddCommMonoid took 111ms
typeclass inference of Add took 106ms
typeclass inference of AddCommMonoid took 113ms
tactic execution of Lean.Parser.Tactic.rewriteSeq took 157ms
typeclass inference of Algebra took 284ms
tactic execution of Lean.Parser.Tactic.rewriteSeq took 478ms
typeclass inference of NormedAddCommGroup took 151ms
tactic execution of Lean.Parser.Tactic.rewriteSeq took 303ms
tactic execution of Lean.Parser.Tactic.rewriteSeq took 774ms
type checking took 114ms
typeclass inference of NonUnitalContinuousFunctionalCalculus took 589ms
tactic execution of Lean.Parser.Tactic.rewriteSeq took 114ms
tactic execution of Lean.Parser.Tactic.rewriteSeq took 277ms
typeclass inference of CoeFun took 278ms
typeclass inference of CoeFun took 269ms
typeclass inference of Algebra took 283ms
elaboration took 100ms
tactic execution of Lean.Parser.Tactic.rewriteSeq took 752ms
tactic execution of Lean.Parser.Tactic.rewriteSeq took 881ms
type checking took 176ms
typeclass inference of AddCommMonoid took 111ms
tactic execution of Lean.Parser.Tactic.rewriteSeq took 156ms
tactic execution of Lean.Parser.Tactic.rewriteSeq took 127ms
type checking took 108ms
typeclass inference of Algebra took 289ms
tactic execution of Lean.Parser.Tactic.rewriteSeq took 481ms
cumulative profiling times:
	attribute application 6.06ms
	congr simp thm 30.4ms
	elaboration 1.27s
	fix level params 14.5ms
	import 1.96s
	initialization 35ms
	instantiate metavars 15.7ms
	interpretation 530ms
	let-to-have transformation 2.93ms
	linting 46.2ms
	norm_num 2.5ms
	parsing 25.9ms
	process pre-definitions 53.5ms
	ring 6.22ms
	share common exprs 52.7ms
	simp 681ms
	tactic execution 92.9s
	type checking 22.2s
	typeclass inference 27.8s
