import took 2s
elaboration took 105ms
typeclass inference of AddCommMonoid took 107ms
typeclass inference of ZeroHomClass took 157ms
typeclass inference of TopologicalSpace took 106ms
typeclass inference of AddCommMonoid took 106ms
typeclass inference of TopologicalSpace took 112ms
typeclass inference of AddCommMonoid took 111ms
simp took 799ms
typeclass inference of HSMul took 354ms
typeclass inference of TopologicalSpace took 111ms
typeclass inference of AddCommMonoid took 106ms
typeclass inference of TopologicalSpace took 117ms
simp took 348ms
typeclass inference of TopologicalSpace took 109ms
typeclass inference of AddCommMonoid took 105ms
typeclass inference of TopologicalSpace took 144ms
typeclass inference of AddCommMonoid took 152ms
typeclass inference of TopologicalSpace took 145ms
typeclass inference of AddCommMonoid took 150ms
typeclass inference of TopologicalSpace took 118ms
typeclass inference of TopologicalSpace took 116ms
typeclass inference of CoeFun took 213ms
typeclass inference of CoeFun took 172ms
type checking took 311ms
typeclass inference of TopologicalSpace took 108ms
typeclass inference of AddCommMonoid took 105ms
typeclass inference of TopologicalSpace took 107ms
typeclass inference of AddCommMonoid took 105ms
typeclass inference of TopologicalSpace took 105ms
typeclass inference of AddCommMonoid took 107ms
typeclass inference of TopologicalSpace took 109ms
typeclass inference of AddCommMonoid took 110ms
typeclass inference of CoeFun took 181ms
typeclass inference of CoeFun took 170ms
typeclass inference of CoeFun took 176ms
typeclass inference of CoeFun took 172ms
tactic execution of Lean.Parser.Tactic.change took 180ms
typeclass inference of AddCommMonoid took 103ms
typeclass inference of HSMul took 138ms
type checking took 113ms
typeclass inference of TopologicalSpace took 109ms
typeclass inference of AddCommMonoid took 107ms
typeclass inference of TopologicalSpace took 109ms
typeclass inference of AddCommMonoid took 105ms
typeclass inference of TopologicalSpace took 107ms
simp took 339ms
typeclass inference of TopologicalSpace took 107ms
typeclass inference of AddCommMonoid took 105ms
typeclass inference of TopologicalSpace took 108ms
typeclass inference of TopologicalSpace took 131ms
typeclass inference of AddCommMonoid took 108ms
tactic execution of Lean.Parser.Tactic.rewriteSeq took 277ms
type checking took 11s
typeclass inference of CoeFun took 201ms
typeclass inference of CoeFun took 171ms
type checking took 120ms
type checking took 181ms
typeclass inference of TopologicalSpace took 101ms
elaboration took 428ms
typeclass inference of CoeFun took 177ms
typeclass inference of CoeFun took 167ms
typeclass inference of TopologicalSpace took 113ms
typeclass inference of AddCommMonoid took 119ms
typeclass inference of TopologicalSpace took 111ms
typeclass inference of AddCommMonoid took 106ms
elaboration took 566ms
elaboration took 254ms
typeclass inference of TopologicalSpace took 115ms
typeclass inference of AddCommMonoid took 110ms
typeclass inference of TopologicalSpace took 116ms
typeclass inference of AddCommMonoid took 116ms
typeclass inference of SeminormedAddCommGroup took 108ms
typeclass inference of ContinuousAdd took 572ms
typeclass inference of SeminormedAddCommGroup took 101ms
tactic execution of Lean.Parser.Tactic.rewriteSeq took 806ms
tactic execution of Lean.Parser.Tactic.Conv.rewrite took 643ms
typeclass inference of SeminormedAddCommGroup took 102ms
typeclass inference of Nonempty took 130ms
type checking took 149ms
typeclass inference of SeminormedAddCommGroup took 104ms
simp took 702ms
type checking took 137ms
typeclass inference of AddCommMonoid took 107ms
typeclass inference of UniformSpace took 109ms
typeclass inference of PseudoMetricSpace took 105ms
typeclass inference of HSMul took 196ms
typeclass inference of AddCommMonoid took 115ms
typeclass inference of SMulCommClass took 114ms
typeclass inference of UniformSpace took 109ms
typeclass inference of PseudoMetricSpace took 108ms
typeclass inference of LinearMap.CompatibleSMul took 371ms
simp took 614ms
type checking took 253ms
typeclass inference of SeminormedAddCommGroup took 102ms
simp took 776ms
type checking took 135ms
typeclass inference of TopologicalSpace took 162ms
typeclass inference of AddCommMonoid took 168ms
typeclass inference of TopologicalSpace took 185ms
typeclass inference of AddCommMonoid took 194ms
typeclass inference of TopologicalSpace took 163ms
typeclass inference of AddCommMonoid took 167ms
typeclass inference of Module took 102ms
typeclass inference of CoeFun took 284ms
typeclass inference of CoeFun took 277ms
typeclass inference of TopologicalSpace took 145ms
typeclass inference of AddCommMonoid took 153ms
typeclass inference of TopologicalSpace took 197ms
typeclass inference of AddCommMonoid took 210ms
typeclass inference of TopologicalSpace took 179ms
typeclass inference of AddCommMonoid took 186ms
typeclass inference of Module took 104ms
typeclass inference of TopologicalSpace took 111ms
typeclass inference of AddCommMonoid took 112ms
typeclass inference of TopologicalSpace took 132ms
typeclass inference of AddCommMonoid took 137ms
tactic execution of Lean.Parser.Tactic.refine took 299ms
simp took 3.78s
typeclass inference of TopologicalSpace took 109ms
typeclass inference of AddCommMonoid took 107ms
tactic execution of Lean.Parser.Tactic.rewriteSeq took 1.02s
type checking took 1.78s
typeclass inference of NonUnitalContinuousFunctionalCalculus took 563ms
typeclass inference of SeminormedAddCommGroup took 100ms
tactic execution of Lean.Parser.Tactic.rewriteSeq took 114ms
type checking took 124ms
typeclass inference of NonUnitalContinuousFunctionalCalculus took 552ms
typeclass inference of SeminormedAddCommGroup took 112ms
tactic execution of Lean.Parser.Tactic.rewriteSeq took 258ms
tactic execution of Lean.Parser.Tactic.rewriteSeq took 155ms
type checking took 110ms
typeclass inference of NonUnitalContinuousFunctionalCalculus took 567ms
typeclass inference of SeminormedAddCommGroup took 101ms
typeclass inference of AddMonoid took 608ms
typeclass inference of AddCommMonoid took 101ms
typeclass inference of UniformSpace took 115ms
typeclass inference of PseudoMetricSpace took 125ms
typeclass inference of DistribSMul took 358ms
typeclass inference of SeminormedAddCommGroup took 106ms
typeclass inference of NormedAddCommGroup took 191ms
typeclass inference of AddCommMonoid took 107ms
typeclass inference of UniformSpace took 109ms
typeclass inference of PseudoMetricSpace took 107ms
typeclass inference of DistribSMul took 247ms
tactic execution of Lean.Parser.Tactic.rewriteSeq took 1.1s
typeclass inference of AddCommMonoid took 113ms
typeclass inference of UniformSpace took 109ms
typeclass inference of PseudoMetricSpace took 110ms
typeclass inference of HSMul took 189ms
tactic execution of Lean.Parser.Tactic.change took 268ms
typeclass inference of SeminormedAddCommGroup took 104ms
typeclass inference of Module took 136ms
typeclass inference of UniformSpace took 107ms
typeclass inference of PseudoMetricSpace took 110ms
typeclass inference of Module took 255ms
type checking took 304ms
typeclass inference of SeminormedAddCommGroup took 113ms
typeclass inference of TopologicalSpace took 107ms
typeclass inference of AddCommMonoid took 107ms
typeclass inference of SeminormedAddCommGroup took 103ms
typeclass inference of UniformSpace took 113ms
typeclass inference of PseudoMetricSpace took 116ms
typeclass inference of Algebra took 292ms
type checking took 129ms
typeclass inference of TopologicalSpace took 112ms
typeclass inference of AddCommMonoid took 111ms
typeclass inference of SeminormedAddCommGroup took 100ms
typeclass inference of UniformSpace took 115ms
typeclass inference of PseudoMetricSpace took 108ms
typeclass inference of Algebra took 295ms
tactic execution of Lean.Parser.Tactic.rewriteSeq took 574ms
typeclass inference of NormedAddCommGroup took 214ms
tactic execution of Lean.Parser.Tactic.rewriteSeq took 398ms
tactic execution of Lean.Parser.Tactic.rewriteSeq took 951ms
type checking took 198ms
typeclass inference of TopologicalSpace took 108ms
typeclass inference of AddCommMonoid took 112ms
typeclass inference of TopologicalSpace took 109ms
typeclass inference of AddCommMonoid took 111ms
typeclass inference of SeminormedAddCommGroup took 100ms
typeclass inference of AddCommMonoid took 105ms
elaboration took 725ms
typeclass inference of NonUnitalContinuousFunctionalCalculus took 579ms
typeclass inference of TopologicalSpace took 110ms
typeclass inference of AddCommMonoid took 108ms
typeclass inference of TopologicalSpace took 111ms
typeclass inference of AddCommMonoid took 111ms
elaboration took 857ms
typeclass inference of TopologicalSpace took 118ms
typeclass inference of AddCommMonoid took 114ms
typeclass inference of TopologicalSpace took 114ms
typeclass inference of AddCommMonoid took 111ms
typeclass inference of SeminormedAddCommGroup took 106ms
tactic execution of Lean.Parser.Tactic.rewriteSeq took 1.12s
typeclass inference of SeminormedAddCommGroup took 106ms
tactic execution of Lean.Parser.Tactic.apply took 494ms
tactic execution of Lean.Parser.Tactic.rewriteSeq took 847ms
type checking took 233ms
typeclass inference of CoeFun took 273ms
typeclass inference of CoeFun took 265ms
typeclass inference of TopologicalSpace took 108ms
typeclass inference of AddCommMonoid took 114ms
typeclass inference of TopologicalSpace took 103ms
typeclass inference of AddCommMonoid took 101ms
typeclass inference of UniformSpace took 105ms
typeclass inference of PseudoMetricSpace took 107ms
typeclass inference of Algebra took 284ms
tactic execution of Lean.Parser.Tactic.rewriteSeq took 5.45s
typeclass inference of TopologicalSpace took 115ms
typeclass inference of AddCommMonoid took 117ms
typeclass inference of TopologicalSpace took 117ms
typeclass inference of AddCommMonoid took 118ms
typeclass inference of TopologicalSpace took 121ms
typeclass inference of AddCommMonoid took 122ms
typeclass inference of TopologicalSpace took 177ms
typeclass inference of AddCommMonoid took 183ms
typeclass inference of TopologicalSpace took 173ms
typeclass inference of AddCommMonoid took 183ms
tactic execution of Lean.Parser.Tactic.rewriteSeq took 3.14s
tactic execution of Lean.Parser.Tactic.exact took 4.86s
type checking took 200ms
typeclass inference of CoeFun took 275ms
typeclass inference of CoeFun took 265ms
typeclass inference of CoeFun took 270ms
typeclass inference of CoeFun took 254ms
typeclass inference of CoeFun took 271ms
typeclass inference of CoeFun took 264ms
tactic execution of Lean.Parser.Tactic.rewriteSeq took 120ms
typeclass inference of CoeFun took 254ms
typeclass inference of CoeFun took 266ms
typeclass inference of Nontrivial took 374ms
typeclass inference of CoeFun took 270ms
typeclass inference of CoeFun took 263ms
typeclass inference of Nontrivial took 338ms
typeclass inference of CoeFun took 281ms
typeclass inference of CoeFun took 272ms
typeclass inference of Nontrivial took 382ms
typeclass inference of CoeFun took 268ms
typeclass inference of CoeFun took 267ms
typeclass inference of Nontrivial took 332ms
interpretation of Mathlib.Tactic._aux_Mathlib_Tactic_Linarith_Frontend___elabRules_Mathlib_Tactic_nlinarith_1._boxed took 830ms
typeclass inference of TopologicalSpace took 109ms
typeclass inference of AddCommMonoid took 105ms
typeclass inference of SeminormedAddCommGroup took 105ms
elaboration took 1.33s
elaboration took 800ms
tactic execution of Lean.Parser.Tactic.rewriteSeq took 395ms
typeclass inference of SeminormedAddCommGroup took 105ms
tactic execution of Lean.Parser.Tactic.rewriteSeq took 755ms
typeclass inference of SeminormedAddCommGroup took 105ms
tactic execution of Lean.Parser.Tactic.apply took 700ms
simp took 374ms
typeclass inference of TopologicalSpace took 127ms
typeclass inference of AddCommMonoid took 114ms
typeclass inference of TopologicalSpace took 112ms
typeclass inference of AddCommMonoid took 108ms
typeclass inference of TopologicalSpace took 108ms
typeclass inference of AddCommMonoid took 109ms
typeclass inference of Module took 106ms
elaboration took 584ms
typeclass inference of TopologicalSpace took 122ms
typeclass inference of AddCommMonoid took 123ms
typeclass inference of TopologicalSpace took 112ms
typeclass inference of AddCommMonoid took 112ms
typeclass inference of TopologicalSpace took 118ms
typeclass inference of AddCommMonoid took 113ms
typeclass inference of Module took 113ms
typeclass inference of SeminormedAddCommGroup took 110ms
tactic execution of Lean.Parser.Tactic.rewriteSeq took 879ms
tactic execution of Lean.Parser.Tactic.apply took 664ms
tactic execution of Lean.Parser.Tactic.rewriteSeq took 2.46s
typeclass inference of SeminormedAddCommGroup took 101ms
tactic execution of Lean.Parser.Tactic.rewriteSeq took 111ms
tactic execution of Lean.Parser.Tactic.apply took 417ms
tactic execution of Lean.Parser.Tactic.rewriteSeq took 2.95s
type checking took 192ms
typeclass inference of TopologicalSpace took 109ms
typeclass inference of AddCommMonoid took 110ms
typeclass inference of UniformSpace took 114ms
typeclass inference of PseudoMetricSpace took 108ms
typeclass inference of Algebra took 300ms
tactic execution of Lean.Parser.Tactic.rewriteSeq took 567ms
type checking took 136ms
typeclass inference of SeminormedAddCommGroup took 106ms
typeclass inference of SeminormedAddCommGroup took 101ms
typeclass inference of SeminormedAddCommGroup took 103ms
typeclass inference of SeminormedAddCommGroup took 104ms
typeclass inference of SeminormedAddCommGroup took 101ms
typeclass inference of SeminormedAddCommGroup took 101ms
tactic execution of Lean.Parser.Tactic.refine took 1.33s
typeclass inference of SeminormedAddCommGroup took 105ms
typeclass inference of SeminormedAddCommGroup took 122ms
typeclass inference of SeminormedAddCommGroup took 101ms
typeclass inference of SeminormedAddCommGroup took 103ms
typeclass inference of SeminormedAddCommGroup took 103ms
typeclass inference of SeminormedAddCommGroup took 103ms
typeclass inference of SeminormedAddCommGroup took 105ms
typeclass inference of SeminormedAddCommGroup took 103ms
typeclass inference of SeminormedAddCommGroup took 104ms
typeclass inference of SeminormedAddCommGroup took 103ms
typeclass inference of SeminormedAddCommGroup took 117ms
tactic execution of Lean.Parser.Tactic.refine took 1.28s
tactic execution of Lean.Parser.Tactic.exact took 852ms
cumulative profiling times:
	attribute application 34.4ms
	compilation (IR) 0.142ms
	compilation (LCNF base) 3.46ms
	compilation (LCNF impure) 0.348ms
	compilation (LCNF mono) 1.11ms
	congr simp thm 50.6ms
	elaboration 7.31s
	fix level params 29.8ms
	import 2s
	initialization 34.4ms
	instantiate metavars 34.1ms
	interpretation 1.7s
	let-to-have transformation 6.43ms
	linting 93.4ms
	norm_num 10.7ms
	parsing 54.2ms
	process pre-definitions 141ms
	ring 40.2ms
	share common exprs 122ms
	simp 8.72s
	tactic execution 38.8s
	type checking 18s
	typeclass inference 70s
